{
  "output": "D:\\Coding\\Diversity TO\\Compliant-Nonlinear-TMC-O\\hf4_results\\plots_001",
  "status": "rendered_partial_evidence",
  "figures": [
    "force_gap_vs_d.png",
    "force_errors_vs_d.png",
    "deformed_shapes.png"
  ],
  "cases": [
    {
      "gamma": 1e-06,
      "mesh_size_mm": 0.125,
      "production_status": "success",
      "audit_status": "pass"
    },
    {
      "gamma": 1e-06,
      "mesh_size_mm": 0.0625,
      "production_status": "success",
      "audit_status": "pass"
    },
    {
      "gamma": 1e-07,
      "mesh_size_mm": 0.125,
      "production_status": "success",
      "audit_status": "pass"
    },
    {
      "gamma": 1e-07,
      "mesh_size_mm": 0.0625,
      "production_status": "failed",
      "audit_status": "not_pass"
    }
  ]
}
