docs/evidence/workpiece_enlargement_20261007/right_margin_source_context/README.md.construction_banner.txt:2: new blank line at EOF.
docs/evidence/workpiece_enlargement_20261007/right_margin_source_context/closure_001/authors/final_doc_proposals_001/interim_banners/README.md.prefix.md:2: new blank line at EOF.
docs/evidence/workpiece_enlargement_20261007/right_margin_source_context/closure_001/authors/final_doc_proposals_001/interim_banners/docs/CURRENT_STATUS.md.prefix.md:2: new blank line at EOF.
docs/evidence/workpiece_enlargement_20261007/right_margin_source_context/closure_001/authors/final_doc_proposals_001/interim_banners/docs/RESUME_DEVELOPMENT.md.prefix.md:2: new blank line at EOF.
docs/evidence/workpiece_enlargement_20261007/right_margin_source_context/closure_001/authors/final_doc_proposals_001/interim_banners/hf_repo/README.md.prefix.md:2: new blank line at EOF.
docs/evidence/workpiece_enlargement_20261007/right_margin_source_context/closure_001/files/013.md:2: new blank line at EOF.
docs/evidence/workpiece_enlargement_20261007/right_margin_source_context/closure_001/files/014.md:2: new blank line at EOF.
docs/evidence/workpiece_enlargement_20261007/right_margin_source_context/closure_001/files/015.md:2: new blank line at EOF.
docs/evidence/workpiece_enlargement_20261007/right_margin_source_context/closure_001/files/016.md:2: new blank line at EOF.
docs/evidence/workpiece_enlargement_20261007/right_margin_source_context/closure_001/files/039.diff:254: trailing whitespace.
+ 
docs/evidence/workpiece_enlargement_20261007/right_margin_source_context/closure_001/files/039.diff:264: trailing whitespace.
+ 
docs/evidence/workpiece_enlargement_20261007/right_margin_source_context/closure_001/files/039.diff:265: trailing whitespace.
+ 
docs/evidence/workpiece_enlargement_20261007/right_margin_source_context/closure_001/files/039.diff:288: trailing whitespace.
+ 
docs/evidence/workpiece_enlargement_20261007/right_margin_source_context/closure_001/files/039.diff:289: trailing whitespace.
+ 
docs/evidence/workpiece_enlargement_20261007/right_margin_source_context/closure_001/files/039.diff:419: trailing whitespace.
+ 
docs/evidence/workpiece_enlargement_20261007/right_margin_source_context/docs__CURRENT_STATUS.md.construction_banner.txt:2: new blank line at EOF.
docs/evidence/workpiece_enlargement_20261007/right_margin_source_context/docs__RESUME_DEVELOPMENT.md.construction_banner.txt:2: new blank line at EOF.
docs/evidence/workpiece_enlargement_20261007/right_margin_source_context/hf_repo__README.md.construction_banner.txt:2: new blank line at EOF.
functional_views/right_margin_20261007/complete_001/viewer_delta.diff:4: trailing whitespace.
+ 
functional_views/right_margin_20261007/complete_001/viewer_delta.diff:8: trailing whitespace.
+ 
functional_views/right_margin_20261007/complete_001/viewer_delta.diff:72: trailing whitespace.
+ 
functional_views/right_margin_20261007/complete_001/wrapper_delta.diff:15: trailing whitespace.
+ 
lf_data_preparation/native_workpiece_001/right_margin_cycle_001/author/source_author_delta.diff:12: trailing whitespace.
+ 
lf_data_preparation/native_workpiece_001/right_margin_cycle_001/author/source_author_delta.diff:30: trailing whitespace.
+ 
lf_data_preparation/native_workpiece_001/right_margin_cycle_001/author/source_author_delta.diff:227: trailing whitespace.
+ 
lf_data_preparation/native_workpiece_001/right_margin_cycle_001/author/source_author_delta.diff:228: trailing whitespace.
+ 
