{
  "result_file": "result.json",
  "counts": {
    "cells": 3200,
    "nodes": 3321,
    "dofs": 6642,
    "solid_cells": 1086,
    "medium_cells": 2114,
    "solid_incident_nodes": 1337,
    "fixed_dofs": 87,
    "free_dofs": 6555
  },
  "metrics": {
    "min_J": 0.9990234375,
    "max_abs_Hu_per_mm": 0.001953125,
    "max_abs_global_total_force_N": 0.02818397189794102,
    "sum_material_energy_N_mm": 0.005975146513417568
  },
  "fixed_displacement_compatible": true,
  "equilibrium_qualified": false,
  "task_target_executed": false
}
