{
  "result_file": "result.json",
  "counts": {
    "cells": 12800,
    "nodes": 13041,
    "dofs": 26082,
    "solid_cells": 4358,
    "medium_cells": 8442,
    "solid_incident_nodes": 4881,
    "fixed_dofs": 169,
    "free_dofs": 25913
  },
  "metrics": {
    "min_J": 0.998046875,
    "max_abs_Hu_per_mm": 0.0078125,
    "max_abs_global_total_force_N": 0.03385055400507171,
    "sum_material_energy_N_mm": 0.023977646009058835
  },
  "fixed_displacement_compatible": true,
  "equilibrium_qualified": false,
  "task_target_executed": false
}
