{
  "result_file": "result.json",
  "counts": {
    "cells": 3200,
    "nodes": 3321,
    "dofs": 6642,
    "solid_cells": 1128,
    "medium_cells": 2072,
    "solid_incident_nodes": 1351,
    "fixed_dofs": 89,
    "free_dofs": 6553
  },
  "metrics": {
    "min_J": 0.9990234375,
    "max_abs_Hu_per_mm": 0.001953125,
    "max_abs_global_total_force_N": 0.03381372749488416,
    "sum_material_energy_N_mm": 0.006206227055902201
  },
  "fixed_displacement_compatible": true,
  "equilibrium_qualified": false,
  "task_target_executed": false
}
