Using CPython 3.13.6 interpreter at: C:\Python313\python.exe
Creating virtual environment at: C:\Users\Lenovo\AppData\Local\Temp\hf2_detached_kvpoomh9\.venv
Activate with: C:\Users\Lenovo\AppData\Local\Temp\hf2_detached_kvpoomh9\.venv\Scripts\activate
Using Python 3.13.6 environment at: C:\Users\Lenovo\AppData\Local\Temp\hf2_detached_kvpoomh9\.venv
Resolved 16 packages in 852ms
Downloading jax (3.1MiB)
Downloading jaxlib (64.6MiB)
WARN Retry attempt #0. Sleeping 1.1856129s before the next attempt
WARN Retry attempt #0. Sleeping 1.0001749s before the next attempt
WARN Retry attempt #1. Sleeping 2.2180466s before the next attempt
WARN Retry attempt #1. Sleeping 3.5347559s before the next attempt
WARN Retry attempt #2. Sleeping 6.7638717s before the next attempt
WARN Retry attempt #2. Sleeping 4.5275926s before the next attempt
  × Failed to download `jaxlib==0.11.0`
  ├─▶ Request failed after 4 retries in 130.2s
  ├─▶ Failed to fetch:
  │   `https://files.pythonhosted.org/packages/e9/87/96670370fd97cb79ad84d8becc8878e6b4aa52fd052cf5f3c063add9e7af/jaxlib-0.11.0-cp313-cp313-win_amd64.whl`
  ├─▶ error sending request for url
  │   (https://files.pythonhosted.org/packages/e9/87/96670370fd97cb79ad84d8becc8878e6b4aa52fd052cf5f3c063add9e7af/jaxlib-0.11.0-cp313-cp313-win_amd64.whl)
  ╰─▶ operation timed out
