{
  "result_file": "result.json",
  "counts": {
    "cells": 3200,
    "nodes": 3321,
    "dofs": 6642,
    "solid_cells": 1086,
    "medium_cells": 2114,
    "solid_incident_nodes": 1337,
    "fixed_dofs": 87,
    "free_dofs": 6555
  },
  "matrix_units": "N/mm",
  "matrix_statistics": {
    "total": {
      "shape": [
        6642,
        6642
      ],
      "nnz": 116644,
      "relative_asymmetry": 1.7130951802337434e-06
    },
    "material": {
      "shape": [
        6642,
        6642
      ],
      "nnz": 116644,
      "relative_asymmetry": 1.555755192806899e-17
    },
    "regularization": {
      "shape": [
        6642,
        6642
      ],
      "nnz": 116644,
      "relative_asymmetry": 0.0036932435203595347
    }
  },
  "equilibrium_qualified": false,
  "task_target_executed": false
}
