{
  "output": "D:\\Coding\\Diversity TO\\Compliant-Nonlinear-TMC-O\\research_integration_20260920\\geometry_rational_audit.json",
  "output_sha256": "69e1e979bf996d88421e522476c336d88fb4ffc518106e8e53b1f073cb486cb6",
  "summary": {
    "base_samples": 48,
    "transformed_samples": 288,
    "passed_samples": 288,
    "failed_samples": 0,
    "failure_ids": [],
    "failed_checks": {},
    "exact_zero_area_samples": 156,
    "positive_area_samples": 132,
    "max_error_over_max_input_area": 4.210623619319112e-17,
    "max_error_sample": "seeded_rectangle_00__scale2pow-10__translation0",
    "sources_unchanged_during_run": true,
    "all_passed": true,
    "negative_control_plot_sample_ids": [
      "corner_cross_no_quad_vertex_inside__scale2pow+0__translation0",
      "edge_cross_no_vertices_of_either_polygon_inside__scale2pow+0__translation0"
    ]
  }
}
