...............................s........................................ [ 12%]
........................................................................ [ 24%]
........................................................................ [ 36%]
........................................................................ [ 48%]
........................................................................ [ 60%]
........................................................................ [ 72%]
........................................................................ [ 84%]
........................................................................ [ 97%]
.................                                                        [100%]
============================== warnings summary ===============================
tests/test_split_kernel.py: 32 warnings
  tests\test_split_kernel.py:123: PytestWarning: record_property is incompatible with junit_family 'xunit2' (use 'legacy' or 'xunit1')
    @pytest.mark.parametrize("hx,hy", SIZES)

tests/test_split_kernel.py::test_exactly_equivalent_nonzero_hessian_decompositions[1.0-1.0]
tests/test_split_kernel.py::test_exactly_equivalent_nonzero_hessian_decompositions[0.125-0.0625]
  tests\test_split_kernel.py:183: PytestWarning: record_property is incompatible with junit_family 'xunit2' (use 'legacy' or 'xunit1')
    @pytest.mark.parametrize("hx,hy", SIZES)

tests/test_split_kernel.py::test_all_frozen_directional_difference_samples[huhu-1.0-1.0]
tests/test_split_kernel.py::test_all_frozen_directional_difference_samples[huhu-0.125-0.0625]
tests/test_split_kernel.py::test_all_frozen_directional_difference_samples[compression-1.0-1.0]
tests/test_split_kernel.py::test_all_frozen_directional_difference_samples[compression-0.125-0.0625]
  tests\test_split_kernel.py:210: PytestWarning: record_property is incompatible with junit_family 'xunit2' (use 'legacy' or 'xunit1')
    @pytest.mark.parametrize("hx,hy", SIZES)

tests/test_split_kernel.py::test_mixed_two_by_two_assembly_against_independent_hp
  tests\test_split_kernel.py:246: PytestWarning: record_property is incompatible with junit_family 'xunit2' (use 'legacy' or 'xunit1')
    def test_mixed_two_by_two_assembly_against_independent_hp(record_property):

tests/test_split_kernel.py::test_legacy_import_retains_old_physical_response
  tests\test_split_kernel.py:323: PytestWarning: record_property is incompatible with junit_family 'xunit2' (use 'legacy' or 'xunit1')
    def test_legacy_import_retains_old_physical_response(record_property):

-- Docs: https://docs.pytest.org/en/stable/how-to/capture-warnings.html
=========================== short test summary info ===========================
SKIPPED [1] tests\test_data.py:220: Platform does not permit creating a symlink: [WinError 1314] 客户端没有所需的特权。: 'C:\\Users\\Lenovo\\AppData\\Local\\Temp\\pytest-of-Lenovo\\pytest-380\\test_descriptor_symlink_cannot0\\external\\geometry.json' -> 'C:\\Users\\Lenovo\\AppData\\Local\\Temp\\pytest-of-Lenovo\\pytest-380\\test_descriptor_symlink_cannot0\\package\\geometry.json'
592 passed, 1 skipped, 40 warnings in 11.98s
