{
  "status": "prepared",
  "fixture_sha256": "60832407c9b8c1c91e79e89d993e6f77c4e3c7a87f60c585c737217c49698f60",
  "spec_sha256": "ba4909b19d369890b79af8db8dfa58b01672e904fe68e8dc3175c408e23ad663",
  "shapes": {
    "grad": {
      "shape": [
        9,
        4,
        2
      ],
      "dtype": "float64"
    },
    "hessian": {
      "shape": [
        4,
        2,
        2
      ],
      "dtype": "float64"
    },
    "weights": {
      "shape": [
        9
      ],
      "dtype": "float64"
    },
    "points": {
      "shape": [
        9,
        2
      ],
      "dtype": "float64"
    },
    "lam": {
      "shape": [
        1860
      ],
      "dtype": "float64"
    },
    "mu": {
      "shape": [
        1860
      ],
      "dtype": "float64"
    },
    "kr": {
      "shape": [],
      "dtype": "float64"
    },
    "connectivity": {
      "shape": [
        1860,
        4
      ],
      "dtype": "int64"
    },
    "coordinates": {
      "shape": [
        1953,
        2
      ],
      "dtype": "float64"
    },
    "F0": {
      "shape": [
        3906
      ],
      "dtype": "float64"
    },
    "fixed_dofs": {
      "shape": [
        62
      ],
      "dtype": "int64"
    },
    "solid": {
      "shape": [
        1860
      ],
      "dtype": "bool"
    },
    "hx": {
      "shape": [],
      "dtype": "float64"
    },
    "hy": {
      "shape": [],
      "dtype": "float64"
    },
    "thickness": {
      "shape": [],
      "dtype": "float64"
    },
    "U": {
      "shape": [
        3,
        3906
      ],
      "dtype": "float64"
    },
    "levels": {
      "shape": [
        3
      ],
      "dtype": "float64"
    },
    "directions": {
      "shape": [
        2,
        3906
      ],
      "dtype": "float64"
    },
    "targets": {
      "shape": [
        100
      ],
      "dtype": "float64"
    },
    "loaded_nodes": {
      "shape": [
        6
      ],
      "dtype": "int64"
    }
  }
}
