HP validation: 10 states processed; new_python[9]; 0.61 s
HP validation: 20 states processed; new_python[19]; 0.72 s
HP validation: 30 states processed; new_python[29]; 0.82 s
HP validation: 40 states processed; new_python[39]; 0.92 s
HP validation: 50 states processed; new_python[49]; 1.02 s
HP validation: 60 states processed; new_python[59]; 1.11 s
HP validation: 70 states processed; new_python[69]; 1.20 s
HP validation: 80 states processed; new_python[79]; 1.30 s
HP validation: 90 states processed; new_python[89]; 1.38 s
HP validation: 100 states processed; new_python[99]; 1.47 s
HP validation: 100 states processed; new_python[99]; 2.50 s
HP validation: 110 states processed; old_python[9]; 2.61 s
HP validation: 120 states processed; old_python[19]; 2.70 s
HP validation: 130 states processed; old_python[29]; 2.79 s
HP validation: 140 states processed; old_python[39]; 2.89 s
HP validation: 150 states processed; old_python[49]; 2.99 s
HP validation: 160 states processed; old_python[59]; 3.10 s
HP validation: 170 states processed; old_python[69]; 3.20 s
HP validation: 180 states processed; old_python[79]; 3.30 s
HP validation: 190 states processed; old_python[89]; 3.42 s
HP validation: 200 states processed; old_python[99]; 3.53 s
HP validation: 200 states processed; old_python[99]; 4.59 s
HP validation: 210 states processed; matlab[9]; 4.71 s
HP validation: 220 states processed; matlab[19]; 4.81 s
HP validation: 230 states processed; matlab[29]; 4.92 s
HP validation: 240 states processed; matlab[39]; 5.01 s
HP validation: 250 states processed; matlab[49]; 5.12 s
HP validation: 260 states processed; matlab[59]; 5.23 s
HP validation: 270 states processed; matlab[69]; 5.35 s
HP validation: 280 states processed; matlab[79]; 5.45 s
HP validation: 290 states processed; matlab[89]; 5.55 s
HP validation: 300 states processed; matlab[99]; 25.57 s
HP validation: 300 states processed; matlab[99]; 26.59 s
{
  "repaired_python_numerical_closure_status": "pass",
  "total_evaluated_states": 300,
  "new_python_original_targets": 100,
  "wall_seconds_including_recovery_setup": 29.28842750005424
}
