HP validation: 10 states processed; new_python[9]; 19.75 s
HP validation: 20 states processed; new_python[19]; 38.40 s
HP validation: 30 states processed; new_python[29]; 56.62 s
HP validation: 40 states processed; new_python[39]; 75.69 s
HP validation: 50 states processed; new_python[49]; 99.72 s
HP validation: 60 states processed; new_python[59]; 121.06 s
HP validation: 70 states processed; new_python[69]; 141.20 s
HP validation: 80 states processed; new_python[79]; 162.09 s
HP validation: 90 states processed; new_python[89]; 181.81 s
HP validation: 100 states processed; new_python[99]; 205.07 s
HP validation: 100 states processed; new_python[99]; 206.13 s
HP validation: 110 states processed; old_python[9]; 223.48 s
HP validation: 120 states processed; old_python[19]; 241.94 s
HP validation: 130 states processed; old_python[29]; 260.32 s
HP validation: 140 states processed; old_python[39]; 281.76 s
HP validation: 150 states processed; old_python[49]; 303.50 s
HP validation: 160 states processed; old_python[59]; 323.30 s
HP validation: 170 states processed; old_python[69]; 342.88 s
HP validation: 180 states processed; old_python[79]; 361.86 s
HP validation: 190 states processed; old_python[89]; 380.68 s
HP validation: 200 states processed; old_python[99]; 399.89 s
HP validation: 200 states processed; old_python[99]; 400.78 s
HP validation: 210 states processed; matlab[9]; 417.51 s
HP validation: 220 states processed; matlab[19]; 435.36 s
HP validation: 230 states processed; matlab[29]; 453.75 s
HP validation: 240 states processed; matlab[39]; 472.53 s
HP validation: 250 states processed; matlab[49]; 492.84 s
HP validation: 260 states processed; matlab[59]; 512.94 s
HP validation: 270 states processed; matlab[69]; 532.38 s
HP validation: 280 states processed; matlab[79]; 552.29 s
HP validation: 290 states processed; matlab[89]; 572.19 s
{
  "schema_version": "hf2-repaired-path-validation-1.0",
  "repaired_python_numerical_closure_status": "not_pass",
  "validation_status": "incomplete",
  "exception_type": "TimeoutError",
  "message": "offline validation nearing its frozen 600-second process limit",
  "wall_seconds": 590.019617700018,
  "note": "Any completed state_progress.jsonl and per-side arrays remain; no path was solved or changed"
}
