{
  "status": "pass",
  "scope": "installed 0.2.1; original 17 detached checks, HF1/TMC A-B-A, 976 small checks, three same-input HP expression states; no full Cshape rerun",
  "checks": {
    "small_reference_all_checks_pass": true,
    "source_setup_matches_independent_preset": true,
    "HF1_three_linear_analyses_succeed": true,
    "HF1_A_B_A_all_arrays_bitwise_equal": true,
    "HF1_fresh_evaluation_ids": true,
    "TMC_small_three_paths_succeed": true,
    "TMC_A_B_A_displacement_bitwise_equal": true,
    "TMC_different_load_changes_result": true,
    "isolated_python": true,
    "CPU_float64": true,
    "no_forbidden_path_in_sys_path": true,
    "no_global_site_packages": true,
    "no_source_file_access_attempt": true,
    "no_LF_MATLAB_import_attempt": true,
    "no_LF_MATLAB_installed": true,
    "installed_hf_module": true,
    "installed_distribution_RECORD_hashes_match": true,
    "installed_distribution_version_0_2_1": true,
    "installed_module_version_0_2_1": true,
    "stable_kernel_version": true,
    "benchmark_precision_profile_explicit_1e_9": true,
    "generic_Newton_default_preserved_1e_8": true,
    "small_reference_976_checks_16_cases": true,
    "strong_three_base_states_HP_expression_budget": true
  },
  "legacy_check_count": 17,
  "repair_check_count": 7,
  "small_checks": 976,
  "small_cases": 16,
  "strong_precision": {
    "schema_version": "hf2-repair-isolated-precision-1.0",
    "scope": "same frozen binary64 inputs; expression error only; old states are not equilibrium acceptance cases",
    "status": "pass",
    "precision": 50,
    "residual_force_budget": 1e-09,
    "comparison_formula": "norm(D(production_internal_selection)-HP_internal_selection)/norm(D(level)*D(F0)); selection=full/free",
    "assembly": "installed production TMCModel and assemble; each generated operator exactly matches the frozen binary64 primitive",
    "operators_bitwise_equal": {
      "grad": true,
      "hessian": true,
      "weights": true,
      "points": true
    },
    "HP_base_state_calls": 3,
    "HP_direction_calls": 0,
    "full_Cshape_runs": 0,
    "fixture_sha256": "60832407c9b8c1c91e79e89d993e6f77c4e3c7a87f60c585c737217c49698f60",
    "precision_spec_sha256": "ba4909b19d369890b79af8db8dfa58b01672e904fe68e8dc3175c408e23ad663",
    "helper_sha256": "97a9eb5f7dfe20704a4fd53cadba740903a68a05ad046d80ee85bf4340a93d55",
    "rows": [
      {
        "case_id": "python_073",
        "state_index": 0,
        "load_multiplier": 0.73,
        "kernel_mode": "tangent",
        "force_checks": {
          "full": {
            "absolute_force_error": 7.265960553422445e-12,
            "absolute_force_error_decimal": "7.2659605534224450914839784626041925414864275334835E-12",
            "expression_error": 7.82010651317956e-12,
            "expression_error_decimal": "7.8201065131795600465486977333648835526374565889548E-12",
            "residual_force_budget": 1e-09,
            "status": "pass"
          },
          "free": {
            "absolute_force_error": 7.265731577712481e-12,
            "absolute_force_error_decimal": "7.2657315777124815310262561830470659545765897422895E-12",
            "expression_error": 7.819860074401413e-12,
            "expression_error_decimal": "7.8198600744014135659941585119782116573854379089163E-12",
            "residual_force_budget": 1e-09,
            "status": "pass"
          }
        },
        "force_scale_decimal": "0.92913831047912339006835324158473781835383756194901",
        "status": "pass",
        "minimum_J": 9.319980217485753e-05,
        "old_state_HP_relative_equilibrium_residual_decimal": "1.0644451244453017962990671996431552143250496225477E-8",
        "old_state_equilibrium_is_acceptance_criterion": false
      },
      {
        "case_id": "python_073",
        "state_index": 0,
        "load_multiplier": 0.73,
        "kernel_mode": "residual_only",
        "force_checks": {
          "full": {
            "absolute_force_error": 7.2659586234803685e-12,
            "absolute_force_error_decimal": "7.2659586234803687804956664969855311406910560836516E-12",
            "expression_error": 7.820104436048466e-12,
            "expression_error_decimal": "7.8201044360484649830094275870453142453339741049211E-12",
            "residual_force_budget": 1e-09,
            "status": "pass"
          },
          "free": {
            "absolute_force_error": 7.265729647709584e-12,
            "absolute_force_error_decimal": "7.2657296477095840942134631767701273512311586184306E-12",
            "expression_error": 7.819857997204859e-12,
            "expression_error_decimal": "7.8198579972048587908721017709138450548875610224093E-12",
            "residual_force_budget": 1e-09,
            "status": "pass"
          }
        },
        "force_scale_decimal": "0.92913831047912339006835324158473781835383756194901",
        "status": "pass",
        "minimum_J": 9.319980217485753e-05,
        "old_state_HP_relative_equilibrium_residual_decimal": "1.0644451244453017962990671996431552143250496225477E-8",
        "old_state_equilibrium_is_acceptance_criterion": false
      },
      {
        "case_id": "matlab_076",
        "state_index": 1,
        "load_multiplier": 0.76,
        "kernel_mode": "tangent",
        "force_checks": {
          "full": {
            "absolute_force_error": 6.80290099688293e-12,
            "absolute_force_error_decimal": "6.8029009968829303955430558790501113240323747626333E-12",
            "expression_error": 7.032715536018486e-12,
            "expression_error_decimal": "7.0327155360184859756652400838988022438525378284320E-12",
            "residual_force_budget": 1e-09,
            "status": "pass"
          },
          "free": {
            "absolute_force_error": 6.802640796426118e-12,
            "absolute_force_error_decimal": "6.8026407964261178967858534345551609463200794329845E-12",
            "expression_error": 7.032446545510474e-12,
            "expression_error_decimal": "7.0324465455104743451498935384924613850933220992004E-12",
            "residual_force_budget": 1e-09,
            "status": "pass"
          }
        },
        "force_scale_decimal": "0.96732207666319698888691273189254214084821893907440",
        "status": "pass",
        "minimum_J": 8.411759805831515e-05,
        "old_state_HP_relative_equilibrium_residual_decimal": "1.0751389985092068319385480049074872611201519985787E-8",
        "old_state_equilibrium_is_acceptance_criterion": false
      },
      {
        "case_id": "matlab_076",
        "state_index": 1,
        "load_multiplier": 0.76,
        "kernel_mode": "residual_only",
        "force_checks": {
          "full": {
            "absolute_force_error": 6.8029010660605705e-12,
            "absolute_force_error_decimal": "6.8029010660605703012214041507107097179637982148699E-12",
            "expression_error": 7.032715607533074e-12,
            "expression_error_decimal": "7.0327156075330741098557067135239720663850015960948E-12",
            "residual_force_budget": 1e-09,
            "status": "pass"
          },
          "free": {
            "absolute_force_error": 6.802640865606404e-12,
            "absolute_force_error_decimal": "6.8026408656064038415334811605507478338121196971619E-12",
            "expression_error": 7.032446617027798e-12,
            "expression_error_decimal": "7.0324466170277979064882725117279650956591386486309E-12",
            "residual_force_budget": 1e-09,
            "status": "pass"
          }
        },
        "force_scale_decimal": "0.96732207666319698888691273189254214084821893907440",
        "status": "pass",
        "minimum_J": 8.411759805831515e-05,
        "old_state_HP_relative_equilibrium_residual_decimal": "1.0751389985092068319385480049074872611201519985787E-8",
        "old_state_equilibrium_is_acceptance_criterion": false
      },
      {
        "case_id": "matlab_099",
        "state_index": 2,
        "load_multiplier": 0.99,
        "kernel_mode": "tangent",
        "force_checks": {
          "full": {
            "absolute_force_error": 1.4803409058081424e-11,
            "absolute_force_error_decimal": "1.4803409058081425203341421670177992054243365204710E-11",
            "expression_error": 1.174813796817928e-11,
            "expression_error_decimal": "1.1748137968179279916042439798895277958366609968950E-11",
            "residual_force_budget": 1e-09,
            "status": "pass"
          },
          "free": {
            "absolute_force_error": 1.4803296417673153e-11,
            "absolute_force_error_decimal": "1.4803296417673152130666720877441086007051315378381E-11",
            "expression_error": 1.1748048575590586e-11,
            "expression_error_decimal": "1.1748048575590586862191755459397430219316818804217E-11",
            "residual_force_budget": 1e-09,
            "status": "pass"
          }
        },
        "force_scale_decimal": "1.2600642840744276305458929278395417147464397365572",
        "status": "pass",
        "minimum_J": 4.9216342360737603e-05,
        "old_state_HP_relative_equilibrium_residual_decimal": "1.0444352730863547868628697499049713085272453621006E-8",
        "old_state_equilibrium_is_acceptance_criterion": false
      },
      {
        "case_id": "matlab_099",
        "state_index": 2,
        "load_multiplier": 0.99,
        "kernel_mode": "residual_only",
        "force_checks": {
          "full": {
            "absolute_force_error": 1.4803413062746508e-11,
            "absolute_force_error_decimal": "1.4803413062746509057346605354479675153923134413967E-11",
            "expression_error": 1.1748141146322755e-11,
            "expression_error_decimal": "1.1748141146322755981318721549196357764530270694090E-11",
            "residual_force_budget": 1e-09,
            "status": "pass"
          },
          "free": {
            "absolute_force_error": 1.4803300422368707e-11,
            "absolute_force_error_decimal": "1.4803300422368708048142363996855232626241550059808E-11",
            "expression_error": 1.1748051753758246e-11,
            "expression_error_decimal": "1.1748051753758245871033366894039655102384865230996E-11",
            "residual_force_budget": 1e-09,
            "status": "pass"
          }
        },
        "force_scale_decimal": "1.2600642840744276305458929278395417147464397365572",
        "status": "pass",
        "minimum_J": 4.9216342360737603e-05,
        "old_state_HP_relative_equilibrium_residual_decimal": "1.0444352730863547868628697499049713085272453621006E-8",
        "old_state_equilibrium_is_acceptance_criterion": false
      }
    ],
    "wall_seconds": 6.5378717998974025
  },
  "solver_profile": "hf2_precision_v2",
  "benchmark_internal_tolerance": 1e-09,
  "external_equilibrium_tolerance": 1e-08,
  "source_sha256": "3eeee09c781fc1509d54156bf696f0dd6ed5e2e52df1a19bbbacc59338dfe3b1",
  "python": "C:\\Users\\Lenovo\\AppData\\Local\\Temp\\hf2_repair_detached_3_pd9itd\\.venv\\Scripts\\python.exe",
  "sys_path": [
    "C:\\Python313\\python313.zip",
    "C:\\Python313\\DLLs",
    "C:\\Python313\\Lib",
    "C:\\Python313",
    "C:\\Users\\Lenovo\\AppData\\Local\\Temp\\hf2_repair_detached_3_pd9itd\\.venv",
    "C:\\Users\\Lenovo\\AppData\\Local\\Temp\\hf2_repair_detached_3_pd9itd\\.venv\\Lib\\site-packages"
  ],
  "installed_distributions": {
    "contourpy": "1.4.0",
    "cycler": "0.12.1",
    "fonttools": "4.65.0",
    "independent-hf-evaluator": "0.2.1",
    "jax": "0.11.0",
    "jaxlib": "0.11.0",
    "kiwisolver": "1.5.1",
    "matplotlib": "3.10.9",
    "ml_dtypes": "0.6.0",
    "numpy": "2.4.6",
    "opt_einsum": "3.4.0",
    "packaging": "26.3",
    "pillow": "12.3.0",
    "pyparsing": "3.3.2",
    "python-dateutil": "2.9.0.post0",
    "scipy": "1.17.1",
    "six": "1.17.0"
  },
  "hf_module": "C:\\Users\\Lenovo\\AppData\\Local\\Temp\\hf2_repair_detached_3_pd9itd\\.venv\\Lib\\site-packages\\hf_eval\\__init__.py",
  "wall_seconds": 26.30768159998115,
  "linear_array_comparisons": {
    "u": true,
    "active_nodes": true,
    "active_dofs": true,
    "coordinates": true,
    "solid_connectivity": true,
    "solid_element_indices": true,
    "input_b": true,
    "output_b": true,
    "input_nodes": true,
    "output_nodes": true,
    "input_weights": true,
    "output_weights": true,
    "fixed_dofs": true,
    "support_reaction_N": true,
    "strain_gauss": true,
    "stress_gauss_MPa": true
  },
  "installed_record_files_checked": 4511,
  "installed_record_failures": []
}
