Traceback (most recent call last):
  File "C:\Python313\Lib\pathlib\_local.py", line 722, in mkdir
    os.mkdir(self, mode)
    ~~~~~~~~^^^^^^^^^^^^
FileNotFoundError: [WinError 3] 系统找不到指定的路径。: 'D:\\Coding\\Diversity TO\\Compliant-Nonlinear-TMC-O\\.github_handoff\\Compliant-TO-TMC\\lf_data_preparation\\native_interface_001\\nested_reference_001\\run_001\\reference\\reference_sources\\lf_data_preparation\\native_workpiece_001\\right_margin4_cycle_001\\reference_author'

During handling of the above exception, another exception occurred:

Traceback (most recent call last):
  File "D:\Coding\Diversity TO\Compliant-Nonlinear-TMC-O\.github_handoff\Compliant-TO-TMC\lf_data_preparation\native_interface_001\nested_reference_001\execute_nested_reference.py", line 270, in <module>
    main()
    ~~~~^^
  File "D:\Coding\Diversity TO\Compliant-Nonlinear-TMC-O\.github_handoff\Compliant-TO-TMC\lf_data_preparation\native_interface_001\nested_reference_001\execute_nested_reference.py", line 259, in main
    audit.run()
    ~~~~~~~~~^^
  File "D:\Coding\Diversity TO\Compliant-Nonlinear-TMC-O\.github_handoff\Compliant-TO-TMC\lf_data_preparation\native_interface_001\nested_reference_001\execute_nested_reference.py", line 218, in run
    self.checkpoint(); self.load()
                       ~~~~~~~~~^^
  File "D:\Coding\Diversity TO\Compliant-Nonlinear-TMC-O\.github_handoff\Compliant-TO-TMC\lf_data_preparation\native_interface_001\nested_reference_001\execute_nested_reference.py", line 84, in load
    destination.parent.mkdir(parents=True, exist_ok=True)
    ~~~~~~~~~~~~~~~~~~~~~~~~^^^^^^^^^^^^^^^^^^^^^^^^^^^^^
  File "C:\Python313\Lib\pathlib\_local.py", line 727, in mkdir
    self.mkdir(mode, parents=False, exist_ok=exist_ok)
    ~~~~~~~~~~^^^^^^^^^^^^^^^^^^^^^^^^^^^^^^^^^^^^^^^^
  File "C:\Python313\Lib\pathlib\_local.py", line 722, in mkdir
    os.mkdir(self, mode)
    ~~~~~~~~^^^^^^^^^^^^
FileNotFoundError: [WinError 3] 系统找不到指定的路径。: 'D:\\Coding\\Diversity TO\\Compliant-Nonlinear-TMC-O\\.github_handoff\\Compliant-TO-TMC\\lf_data_preparation\\native_interface_001\\nested_reference_001\\run_001\\reference\\reference_sources\\lf_data_preparation\\native_workpiece_001\\right_margin4_cycle_001\\reference_author'
