* Getting build dependencies for wheel...
running egg_info
writing src\independent_hf_evaluator.egg-info\PKG-INFO
writing dependency_links to src\independent_hf_evaluator.egg-info\dependency_links.txt
writing entry points to src\independent_hf_evaluator.egg-info\entry_points.txt
writing requirements to src\independent_hf_evaluator.egg-info\requires.txt
writing top-level names to src\independent_hf_evaluator.egg-info\top_level.txt
reading manifest file 'src\independent_hf_evaluator.egg-info\SOURCES.txt'
writing manifest file 'src\independent_hf_evaluator.egg-info\SOURCES.txt'
* Building wheel...
running bdist_wheel
running build
running build_py
copying src\hf_eval\data.py -> build\lib\hf_eval
copying src\hf_eval\displacement.py -> build\lib\hf_eval
copying src\hf_eval\evaluation.py -> build\lib\hf_eval
copying src\hf_eval\linear.py -> build\lib\hf_eval
copying src\hf_eval\normal_contact.py -> build\lib\hf_eval
copying src\hf_eval\plotting.py -> build\lib\hf_eval
copying src\hf_eval\prescribed.py -> build\lib\hf_eval
copying src\hf_eval\project.py -> build\lib\hf_eval
copying src\hf_eval\project_evaluation.py -> build\lib\hf_eval
copying src\hf_eval\regions.py -> build\lib\hf_eval
copying src\hf_eval\split_kernel.py -> build\lib\hf_eval
copying src\hf_eval\split_prescribed.py -> build\lib\hf_eval
copying src\hf_eval\split_state.py -> build\lib\hf_eval
copying src\hf_eval\tmc.py -> build\lib\hf_eval
copying src\hf_eval\tmc_benchmark.py -> build\lib\hf_eval
copying src\hf_eval\tmc_kernel.py -> build\lib\hf_eval
copying src\hf_eval\__init__.py -> build\lib\hf_eval
copying src\hf_eval\__main__.py -> build\lib\hf_eval
running egg_info
writing src\independent_hf_evaluator.egg-info\PKG-INFO
writing dependency_links to src\independent_hf_evaluator.egg-info\dependency_links.txt
writing entry points to src\independent_hf_evaluator.egg-info\entry_points.txt
writing requirements to src\independent_hf_evaluator.egg-info\requires.txt
writing top-level names to src\independent_hf_evaluator.egg-info\top_level.txt
reading manifest file 'src\independent_hf_evaluator.egg-info\SOURCES.txt'
writing manifest file 'src\independent_hf_evaluator.egg-info\SOURCES.txt'
installing to build\bdist.win-amd64\wheel
running install
running install_lib
creating build\bdist.win-amd64\wheel
creating build\bdist.win-amd64\wheel\hf_eval
copying build\lib\hf_eval\data.py -> build\bdist.win-amd64\wheel\.\hf_eval
copying build\lib\hf_eval\displacement.py -> build\bdist.win-amd64\wheel\.\hf_eval
copying build\lib\hf_eval\evaluation.py -> build\bdist.win-amd64\wheel\.\hf_eval
copying build\lib\hf_eval\linear.py -> build\bdist.win-amd64\wheel\.\hf_eval
copying build\lib\hf_eval\normal_contact.py -> build\bdist.win-amd64\wheel\.\hf_eval
copying build\lib\hf_eval\plotting.py -> build\bdist.win-amd64\wheel\.\hf_eval
copying build\lib\hf_eval\prescribed.py -> build\bdist.win-amd64\wheel\.\hf_eval
copying build\lib\hf_eval\project.py -> build\bdist.win-amd64\wheel\.\hf_eval
copying build\lib\hf_eval\project_evaluation.py -> build\bdist.win-amd64\wheel\.\hf_eval
copying build\lib\hf_eval\regions.py -> build\bdist.win-amd64\wheel\.\hf_eval
copying build\lib\hf_eval\split_kernel.py -> build\bdist.win-amd64\wheel\.\hf_eval
copying build\lib\hf_eval\split_prescribed.py -> build\bdist.win-amd64\wheel\.\hf_eval
copying build\lib\hf_eval\split_state.py -> build\bdist.win-amd64\wheel\.\hf_eval
copying build\lib\hf_eval\tmc.py -> build\bdist.win-amd64\wheel\.\hf_eval
copying build\lib\hf_eval\tmc_benchmark.py -> build\bdist.win-amd64\wheel\.\hf_eval
copying build\lib\hf_eval\tmc_kernel.py -> build\bdist.win-amd64\wheel\.\hf_eval
copying build\lib\hf_eval\__init__.py -> build\bdist.win-amd64\wheel\.\hf_eval
copying build\lib\hf_eval\__main__.py -> build\bdist.win-amd64\wheel\.\hf_eval
running install_egg_info
Copying src\independent_hf_evaluator.egg-info to build\bdist.win-amd64\wheel\.\independent_hf_evaluator-0.5.0-py3.13.egg-info
running install_scripts
creating build\bdist.win-amd64\wheel\independent_hf_evaluator-0.5.0.dist-info\WHEEL
creating 'D:\Coding\Diversity TO\Compliant-Nonlinear-TMC-O\hf_repo\dist\.tmp-7cywp2kj\independent_hf_evaluator-0.5.0-py3-none-any.whl' and adding 'build\bdist.win-amd64\wheel' to it
adding 'hf_eval/__init__.py'
adding 'hf_eval/__main__.py'
adding 'hf_eval/data.py'
adding 'hf_eval/displacement.py'
adding 'hf_eval/evaluation.py'
adding 'hf_eval/linear.py'
adding 'hf_eval/normal_contact.py'
adding 'hf_eval/plotting.py'
adding 'hf_eval/prescribed.py'
adding 'hf_eval/project.py'
adding 'hf_eval/project_evaluation.py'
adding 'hf_eval/regions.py'
adding 'hf_eval/split_kernel.py'
adding 'hf_eval/split_prescribed.py'
adding 'hf_eval/split_state.py'
adding 'hf_eval/tmc.py'
adding 'hf_eval/tmc_benchmark.py'
adding 'hf_eval/tmc_kernel.py'
adding 'independent_hf_evaluator-0.5.0.dist-info/METADATA'
adding 'independent_hf_evaluator-0.5.0.dist-info/WHEEL'
adding 'independent_hf_evaluator-0.5.0.dist-info/entry_points.txt'
adding 'independent_hf_evaluator-0.5.0.dist-info/top_level.txt'
adding 'independent_hf_evaluator-0.5.0.dist-info/RECORD'
removing build\bdist.win-amd64\wheel
Successfully built independent_hf_evaluator-0.5.0-py3-none-any.whl
Using CPython 3.13.6 interpreter at: C:\Python313\python.exe
Creating virtual environment at: C:\Users\Lenovo\AppData\Local\Temp\hf4_split_detached_0s0szuh3\.venv
Activate with: C:\Users\Lenovo\AppData\Local\Temp\hf4_split_detached_0s0szuh3\.venv\Scripts\activate
Using Python 3.13.6 environment at: C:\Users\Lenovo\AppData\Local\Temp\hf4_split_detached_0s0szuh3\.venv
Resolved 16 packages in 39ms
Installed 16 packages in 3.40s
 + contourpy==1.4.0
 + cycler==0.12.1
 + fonttools==4.65.0
 + jax==0.11.0
 + jaxlib==0.11.0
 + kiwisolver==1.5.1
 + matplotlib==3.10.9
 + ml-dtypes==0.6.0
 + numpy==2.4.6
 + opt-einsum==3.4.0
 + packaging==26.3
 + pillow==12.3.0
 + pyparsing==3.3.2
 + python-dateutil==2.9.0.post0
 + scipy==1.17.1
 + six==1.17.0
Using Python 3.13.6 environment at: C:\Users\Lenovo\AppData\Local\Temp\hf4_split_detached_0s0szuh3\.venv
Resolved 1 package in 29ms
Prepared 1 package in 34ms
Installed 1 package in 97ms
 + independent-hf-evaluator==0.5.0 (from file:///C:/Users/Lenovo/AppData/Local/Temp/hf4_split_detached_0s0szuh3/independent_hf_evaluator-0.5.0-py3-none-any.whl)
