recording full compiled kernel evidence
manufactured unit__zero
manufactured unit__translation
manufactured unit__near_rotation
manufactured unit__tiny_strain
manufactured unit__shear
manufactured unit__nonzero_hu
manufactured unit__equivalent_hu
manufactured unit__compression
manufactured unit__compression_hu
manufactured unit__near_inside
manufactured unit__near_outside
manufactured dyadic_rect__zero
manufactured dyadic_rect__translation
manufactured dyadic_rect__near_rotation
manufactured dyadic_rect__tiny_strain
manufactured dyadic_rect__shear
manufactured dyadic_rect__nonzero_hu
manufactured dyadic_rect__equivalent_hu
manufactured dyadic_rect__compression
manufactured dyadic_rect__compression_hu
manufactured dyadic_rect__near_inside
manufactured dyadic_rect__near_outside
manufactured nondyadic_rect__zero
manufactured nondyadic_rect__translation
manufactured nondyadic_rect__near_rotation
manufactured nondyadic_rect__tiny_strain
manufactured nondyadic_rect__shear
manufactured nondyadic_rect__nonzero_hu
manufactured nondyadic_rect__equivalent_hu
manufactured nondyadic_rect__compression
manufactured nondyadic_rect__compression_hu
manufactured nondyadic_rect__near_inside
manufactured nondyadic_rect__near_outside
{"status": "not_pass", "case_count": 33, "output": "D:\\Coding\\Diversity TO\\Compliant-Nonlinear-TMC-O\\.github_handoff\\c2_p1_f_workspace\\hf4_c2_stable_f_validation\\manufactured_001\\results"}
