* Getting build dependencies for wheel...
running egg_info
writing src\independent_hf_evaluator.egg-info\PKG-INFO
writing dependency_links to src\independent_hf_evaluator.egg-info\dependency_links.txt
writing entry points to src\independent_hf_evaluator.egg-info\entry_points.txt
writing requirements to src\independent_hf_evaluator.egg-info\requires.txt
writing top-level names to src\independent_hf_evaluator.egg-info\top_level.txt
reading manifest file 'src\independent_hf_evaluator.egg-info\SOURCES.txt'
writing manifest file 'src\independent_hf_evaluator.egg-info\SOURCES.txt'
* Building wheel...
running bdist_wheel
running build
running build_py
copying src\hf_eval\data.py -> build\lib\hf_eval
copying src\hf_eval\evaluation.py -> build\lib\hf_eval
copying src\hf_eval\linear.py -> build\lib\hf_eval
copying src\hf_eval\plotting.py -> build\lib\hf_eval
copying src\hf_eval\regions.py -> build\lib\hf_eval
copying src\hf_eval\__init__.py -> build\lib\hf_eval
copying src\hf_eval\__main__.py -> build\lib\hf_eval
running egg_info
writing src\independent_hf_evaluator.egg-info\PKG-INFO
writing dependency_links to src\independent_hf_evaluator.egg-info\dependency_links.txt
writing entry points to src\independent_hf_evaluator.egg-info\entry_points.txt
writing requirements to src\independent_hf_evaluator.egg-info\requires.txt
writing top-level names to src\independent_hf_evaluator.egg-info\top_level.txt
reading manifest file 'src\independent_hf_evaluator.egg-info\SOURCES.txt'
writing manifest file 'src\independent_hf_evaluator.egg-info\SOURCES.txt'
installing to build\bdist.win-amd64\wheel
running install
running install_lib
creating build\bdist.win-amd64\wheel
creating build\bdist.win-amd64\wheel\hf_eval
copying build\lib\hf_eval\data.py -> build\bdist.win-amd64\wheel\.\hf_eval
copying build\lib\hf_eval\evaluation.py -> build\bdist.win-amd64\wheel\.\hf_eval
copying build\lib\hf_eval\linear.py -> build\bdist.win-amd64\wheel\.\hf_eval
copying build\lib\hf_eval\plotting.py -> build\bdist.win-amd64\wheel\.\hf_eval
copying build\lib\hf_eval\regions.py -> build\bdist.win-amd64\wheel\.\hf_eval
copying build\lib\hf_eval\__init__.py -> build\bdist.win-amd64\wheel\.\hf_eval
copying build\lib\hf_eval\__main__.py -> build\bdist.win-amd64\wheel\.\hf_eval
running install_egg_info
Copying src\independent_hf_evaluator.egg-info to build\bdist.win-amd64\wheel\.\independent_hf_evaluator-0.1.0-py3.13.egg-info
running install_scripts
creating build\bdist.win-amd64\wheel\independent_hf_evaluator-0.1.0.dist-info\WHEEL
creating 'D:\Coding\Diversity TO\Compliant-Nonlinear-TMC-O\hf_repo\dist\.tmp-qthan_3q\independent_hf_evaluator-0.1.0-py3-none-any.whl' and adding 'build\bdist.win-amd64\wheel' to it
adding 'hf_eval/__init__.py'
adding 'hf_eval/__main__.py'
adding 'hf_eval/data.py'
adding 'hf_eval/evaluation.py'
adding 'hf_eval/linear.py'
adding 'hf_eval/plotting.py'
adding 'hf_eval/regions.py'
adding 'independent_hf_evaluator-0.1.0.dist-info/METADATA'
adding 'independent_hf_evaluator-0.1.0.dist-info/WHEEL'
adding 'independent_hf_evaluator-0.1.0.dist-info/entry_points.txt'
adding 'independent_hf_evaluator-0.1.0.dist-info/top_level.txt'
adding 'independent_hf_evaluator-0.1.0.dist-info/RECORD'
removing build\bdist.win-amd64\wheel
Successfully built independent_hf_evaluator-0.1.0-py3-none-any.whl
