{"step": 0, "argv": ["C:\\Users\\Lenovo\\.local\\bin\\uv.EXE", "venv", "--python", "C:/Python313/python.exe", "C:\\Users\\Lenovo\\AppData\\Local\\Temp\\hf1_detached_2bd4d800a927\\.venv"]}
Using CPython 3.13.6 interpreter at: C:\Python313\python.exe
Creating virtual environment at: C:\Users\Lenovo\AppData\Local\Temp\hf1_detached_2bd4d800a927\.venv
Activate with: C:\Users\Lenovo\AppData\Local\Temp\hf1_detached_2bd4d800a927\.venv\Scripts\activate
{"step": 1, "argv": ["C:\\Users\\Lenovo\\.local\\bin\\uv.EXE", "pip", "sync", "--python", "C:\\Users\\Lenovo\\AppData\\Local\\Temp\\hf1_detached_2bd4d800a927\\.venv\\Scripts\\python.exe", "--require-hashes", "C:\\Users\\Lenovo\\AppData\\Local\\Temp\\hf1_detached_2bd4d800a927\\hf_repo\\requirements.lock"]}
Using Python 3.13.6 environment at: C:\Users\Lenovo\AppData\Local\Temp\hf1_detached_2bd4d800a927\.venv
Resolved 12 packages in 822ms
Installed 12 packages in 10.59s
 + contourpy==1.4.0
 + cycler==0.12.1
 + fonttools==4.65.0
 + kiwisolver==1.5.1
 + matplotlib==3.10.9
 + numpy==2.4.6
 + packaging==26.3
 + pillow==12.3.0
 + pyparsing==3.3.2
 + python-dateutil==2.9.0.post0
 + scipy==1.17.1
 + six==1.17.0
{"step": 2, "argv": ["C:\\Users\\Lenovo\\.local\\bin\\uv.EXE", "pip", "install", "--python", "C:\\Users\\Lenovo\\AppData\\Local\\Temp\\hf1_detached_2bd4d800a927\\.venv\\Scripts\\python.exe", "--no-deps", "C:\\Users\\Lenovo\\AppData\\Local\\Temp\\hf1_detached_2bd4d800a927\\hf_repo\\dist\\independent_hf_evaluator-0.1.0-py3-none-any.whl"]}
Using Python 3.13.6 environment at: C:\Users\Lenovo\AppData\Local\Temp\hf1_detached_2bd4d800a927\.venv
Resolved 1 package in 2ms
Prepared 1 package in 25ms
Installed 1 package in 105ms
 + independent-hf-evaluator==0.1.0 (from file:///C:/Users/Lenovo/AppData/Local/Temp/hf1_detached_2bd4d800a927/hf_repo/dist/independent_hf_evaluator-0.1.0-py3-none-any.whl)
{"step": 3, "argv": ["C:\\Users\\Lenovo\\AppData\\Local\\Temp\\hf1_detached_2bd4d800a927\\.venv\\Scripts\\python.exe", "-I", "C:\\Users\\Lenovo\\AppData\\Local\\Temp\\hf1_detached_2bd4d800a927\\hf_repo\\scripts\\run_isolated.py", "--dataset", "C:\\Users\\Lenovo\\AppData\\Local\\Temp\\hf1_detached_2bd4d800a927\\geometry_dataset", "--output", "C:\\Users\\Lenovo\\AppData\\Local\\Temp\\hf1_detached_2bd4d800a927\\acceptance", "--forbid", "D:\\Coding\\Diversity TO\\Compliant-Nonlinear-TMC-O", "--forbid", "C:/Users/Lenovo/Downloads/Diversity-TO-Compliant-O-main (6).zip", "--forbid", "C:/Users/Lenovo/Zotero/storage/AAXN3GZJ", "--forbid", "C:/Users/Lenovo/Zotero/storage/RQ982KG5", "--forbid", "C:/Users/Lenovo/Zotero/storage/PMK9MVG8"]}
{
  "checks": {
    "all_input_packages_readable": true,
    "all_three_analyses_success": true,
    "A_B_A_all_arrays_bitwise_equal": true,
    "A_B_A_physical_metrics_equal": true,
    "unique_evaluation_ids": true,
    "isolated_python": true,
    "no_LF_installed": true,
    "no_forbidden_path_in_sys_path": true,
    "no_forbidden_file_access_attempt": true,
    "no_LF_import_attempt": true,
    "no_global_site_packages": true,
    "all_analysis_times_under_300s": true
  },
  "output": "C:\\Users\\Lenovo\\AppData\\Local\\Temp\\hf1_detached_2bd4d800a927\\acceptance",
  "wall_seconds": 22.177661699941382
}
