HF3 HP run_002 state 1: pass; 41 total committed, 3.02s this invocation
HF3 HP run_002 state 2: pass; 42 total committed, 5.54s this invocation
HF3 HP run_002 state 3: pass; 43 total committed, 8.10s this invocation
HF3 HP run_002 state 4: pass; 44 total committed, 10.69s this invocation
HF3 HP run_002 state 5: pass; 45 total committed, 13.24s this invocation
HF3 HP run_002 state 6: pass; 46 total committed, 15.79s this invocation
HF3 HP run_002 state 7: pass; 47 total committed, 18.37s this invocation
HF3 HP run_002 state 8: pass; 48 total committed, 20.98s this invocation
HF3 HP run_002 state 9: pass; 49 total committed, 23.51s this invocation
HF3 HP run_002 state 10: pass; 50 total committed, 26.16s this invocation
HF3 HP run_002 state 11: pass; 51 total committed, 28.71s this invocation
HF3 HP run_002 state 12: pass; 52 total committed, 31.32s this invocation
HF3 HP run_002 state 13: pass; 53 total committed, 33.94s this invocation
HF3 HP run_002 state 14: pass; 54 total committed, 36.84s this invocation
HF3 HP run_002 state 15: pass; 55 total committed, 40.66s this invocation
HF3 HP run_002 state 16: pass; 56 total committed, 44.40s this invocation
HF3 HP run_002 state 17: pass; 57 total committed, 48.18s this invocation
HF3 HP run_002 state 18: pass; 58 total committed, 51.79s this invocation
HF3 HP run_002 state 19: pass; 59 total committed, 55.41s this invocation
HF3 HP run_002 state 20: pass; 60 total committed, 59.14s this invocation
HF3 HP run_002 state 21: pass; 61 total committed, 62.93s this invocation
HF3 HP run_002 state 22: pass; 62 total committed, 66.86s this invocation
HF3 HP run_002 state 23: pass; 63 total committed, 70.75s this invocation
HF3 HP run_002 state 24: pass; 64 total committed, 74.52s this invocation
HF3 HP run_002 state 25: pass; 65 total committed, 78.25s this invocation
HF3 HP run_002 state 26: pass; 66 total committed, 81.85s this invocation
HF3 HP run_002 state 27: pass; 67 total committed, 85.70s this invocation
HF3 HP run_002 state 28: pass; 68 total committed, 89.40s this invocation
HF3 HP run_002 state 29: pass; 69 total committed, 93.26s this invocation
HF3 HP run_002 state 30: pass; 70 total committed, 97.09s this invocation
HF3 HP run_002 state 31: pass; 71 total committed, 100.94s this invocation
HF3 HP run_002 state 32: pass; 72 total committed, 104.72s this invocation
HF3 HP run_002 state 33: pass; 73 total committed, 108.59s this invocation
HF3 HP run_002 state 34: pass; 74 total committed, 112.35s this invocation
HF3 HP run_002 state 35: pass; 75 total committed, 116.19s this invocation
HF3 HP run_002 state 36: pass; 76 total committed, 120.07s this invocation
HF3 HP run_002 state 37: pass; 77 total committed, 123.85s this invocation
HF3 HP run_002 state 38: pass; 78 total committed, 127.77s this invocation
HF3 HP run_002 state 39: pass; 79 total committed, 131.60s this invocation
HF3 HP run_002 state 40: pass; 80 total committed, 141.96s this invocation
{
  "status": "pass",
  "expected_states": 80,
  "completed_states": 80,
  "failed_states": 0,
  "maxima": {
    "relative_residual_decimal": "1.5563468819340328702766373197074584300151841077974E-12",
    "full_relative_error_decimal": "1.391050467302279729463418166336078588662011547351215567859548336162984819540247219483178775584470918E-12",
    "free_relative_error_decimal": "1.391044890242662549881476179870740093779672383300671620770160492845689785109709520646713635021012714E-12",
    "relative_force_balance_decimal": "8.6821466840071034154813175872320861010322225996458E-15"
  }
}
