HF3 HP run_001 state 1: pass; 1 total committed, 4.62s this invocation
HF3 HP run_001 state 2: pass; 2 total committed, 7.51s this invocation
HF3 HP run_001 state 3: pass; 3 total committed, 10.46s this invocation
HF3 HP run_001 state 4: pass; 4 total committed, 13.68s this invocation
HF3 HP run_001 state 5: pass; 5 total committed, 16.61s this invocation
HF3 HP run_001 state 6: pass; 6 total committed, 19.53s this invocation
HF3 HP run_001 state 7: pass; 7 total committed, 22.57s this invocation
HF3 HP run_001 state 8: pass; 8 total committed, 25.41s this invocation
HF3 HP run_001 state 9: pass; 9 total committed, 28.60s this invocation
HF3 HP run_001 state 10: pass; 10 total committed, 31.79s this invocation
HF3 HP run_001 state 11: pass; 11 total committed, 34.68s this invocation
HF3 HP run_001 state 12: pass; 12 total committed, 37.73s this invocation
HF3 HP run_001 state 13: pass; 13 total committed, 40.69s this invocation
HF3 HP run_001 state 14: pass; 14 total committed, 43.79s this invocation
HF3 HP run_001 state 15: pass; 15 total committed, 46.67s this invocation
HF3 HP run_001 state 16: pass; 16 total committed, 49.60s this invocation
HF3 HP run_001 state 17: pass; 17 total committed, 52.61s this invocation
HF3 HP run_001 state 18: pass; 18 total committed, 55.80s this invocation
HF3 HP run_001 state 19: pass; 19 total committed, 59.01s this invocation
HF3 HP run_001 state 20: pass; 20 total committed, 62.10s this invocation
HF3 HP run_001 state 21: pass; 21 total committed, 65.14s this invocation
HF3 HP run_001 state 22: pass; 22 total committed, 68.28s this invocation
HF3 HP run_001 state 23: pass; 23 total committed, 71.30s this invocation
HF3 HP run_001 state 24: pass; 24 total committed, 74.44s this invocation
HF3 HP run_001 state 25: pass; 25 total committed, 77.74s this invocation
HF3 HP run_001 state 26: pass; 26 total committed, 80.89s this invocation
HF3 HP run_001 state 27: pass; 27 total committed, 84.09s this invocation
HF3 HP run_001 state 28: pass; 28 total committed, 87.27s this invocation
HF3 HP run_001 state 29: pass; 29 total committed, 90.37s this invocation
HF3 HP run_001 state 30: pass; 30 total committed, 93.01s this invocation
HF3 HP run_001 state 31: pass; 31 total committed, 95.69s this invocation
HF3 HP run_001 state 32: pass; 32 total committed, 98.41s this invocation
HF3 HP run_001 state 33: pass; 33 total committed, 101.07s this invocation
HF3 HP run_001 state 34: pass; 34 total committed, 103.73s this invocation
HF3 HP run_001 state 35: pass; 35 total committed, 106.38s this invocation
HF3 HP run_001 state 36: pass; 36 total committed, 109.02s this invocation
HF3 HP run_001 state 37: pass; 37 total committed, 111.65s this invocation
HF3 HP run_001 state 38: pass; 38 total committed, 114.26s this invocation
HF3 HP run_001 state 39: pass; 39 total committed, 116.87s this invocation
HF3 HP run_001 state 40: pass; 40 total committed, 123.89s this invocation
{
  "status": "incomplete",
  "expected_states": 80,
  "completed_states": 40,
  "failed_states": 0,
  "maxima": {
    "relative_residual_decimal": "1.5563468819340328702766373197074584300151841077974E-12",
    "full_relative_error_decimal": "1.364195909773372261720066870890753957805897316359527637356207090788527637747331123664824757315326674E-12",
    "free_relative_error_decimal": "1.364033384674573424822857424142636762507707573120963914597625299586290616752839382484927021562586962E-12",
    "relative_force_balance_decimal": "8.0844339351714834057192905052008350645848064429018E-15"
  }
}
