Using CPython 3.13.6 interpreter at: C:\Python313\python.exe
Creating virtual environment at: C:\Users\Lenovo\AppData\Local\Temp\hf2_repair_detached_3_pd9itd\.venv
Activate with: C:\Users\Lenovo\AppData\Local\Temp\hf2_repair_detached_3_pd9itd\.venv\Scripts\activate
Using Python 3.13.6 environment at: C:\Users\Lenovo\AppData\Local\Temp\hf2_repair_detached_3_pd9itd\.venv
Resolved 16 packages in 49ms
Installed 16 packages in 2.66s
 + contourpy==1.4.0
 + cycler==0.12.1
 + fonttools==4.65.0
 + jax==0.11.0
 + jaxlib==0.11.0
 + kiwisolver==1.5.1
 + matplotlib==3.10.9
 + ml-dtypes==0.6.0
 + numpy==2.4.6
 + opt-einsum==3.4.0
 + packaging==26.3
 + pillow==12.3.0
 + pyparsing==3.3.2
 + python-dateutil==2.9.0.post0
 + scipy==1.17.1
 + six==1.17.0
Using Python 3.13.6 environment at: C:\Users\Lenovo\AppData\Local\Temp\hf2_repair_detached_3_pd9itd\.venv
Resolved 1 package in 20ms
Prepared 1 package in 33ms
Installed 1 package in 99ms
 + independent-hf-evaluator==0.2.1 (from file:///C:/Users/Lenovo/AppData/Local/Temp/hf2_repair_detached_3_pd9itd/hf_repo/dist/independent_hf_evaluator-0.2.1-py3-none-any.whl)
