Using CPython 3.13.6 interpreter at: C:\Python313\python.exe
Creating virtual environment at: hf_repo\.venv-hf2-repair
Activate with: hf_repo\.venv-hf2-repair\Scripts\activate
Using Python 3.13.6 environment at: hf_repo\.venv-hf2-repair
Resolved 26 packages in 127ms
warning: Failed to hardlink files; falling back to full copy. This may lead to degraded performance.
         If the cache and target directories are on different filesystems, hardlinking may not be supported.
         If this is intentional, set `export UV_LINK_MODE=copy` or use `--link-mode=copy` to suppress this warning.
Installed 26 packages in 35.41s
 + build==1.3.0
 + colorama==0.4.6
 + contourpy==1.4.0
 + cycler==0.12.1
 + fonttools==4.65.0
 + iniconfig==2.3.0
 + jax==0.11.0
 + jaxlib==0.11.0
 + kiwisolver==1.5.1
 + matplotlib==3.10.9
 + ml-dtypes==0.6.0
 + numpy==2.4.6
 + opt-einsum==3.4.0
 + packaging==26.3
 + pillow==12.3.0
 + pluggy==1.6.0
 + psutil==7.2.2
 + pygments==2.21.0
 + pyparsing==3.3.2
 + pyproject-hooks==1.2.0
 + pytest==9.1.1
 + python-dateutil==2.9.0.post0
 + scipy==1.17.1
 + setuptools==80.9.0
 + six==1.17.0
 + wheel==0.45.1
Using Python 3.13.6 environment at: hf_repo\.venv-hf2-repair
Resolved 1 package in 12ms
   Building independent-hf-evaluator @ file:///D:/Coding/Diversity%20TO/Compliant-Nonlinear-TMC-O/hf_repo
      Built independent-hf-evaluator @ file:///D:/Coding/Diversity%20TO/Compliant-Nonlinear-TMC-O/hf_repo
Prepared 1 package in 3.99s
warning: Failed to hardlink files; falling back to full copy. This may lead to degraded performance.
         If the cache and target directories are on different filesystems, hardlinking may not be supported.
         If this is intentional, set `export UV_LINK_MODE=copy` or use `--link-mode=copy` to suppress this warning.
Installed 1 package in 163ms
 + independent-hf-evaluator==0.2.1 (from file:///D:/Coding/Diversity%20TO/Compliant-Nonlinear-TMC-O/hf_repo)
